// Jest Snapshot v1, https://goo.gl/fbAQLP

exports[`Button should match snapshot 1`] = `
<button
  className="toolkit button default default onlyIcon"
  data-qa=""
  disabled={false}
  style={Object {}}
  type="button"
/>
`;
