// Jest Snapshot v1, https://goo.gl/fbAQLP

exports[`StepControler should match snapshot 1`] = `""`;
