// Jest Snapshot v1, https://goo.gl/fbAQLP

exports[`StepController should match snapshot 1`] = `""`;
