// Jest Snapshot v1, https://goo.gl/fbAQLP

exports[`GetMeasure should match snapshot 1`] = `<Component />`;
