// Jest Snapshot v1, https://goo.gl/fbAQLP

exports[`Flag template should contain role button when onclick is undefined 1`] = `"<div class=\\"container\\" role=\\"button\\" data-qa=\\"data-qa\\"><svg class=\\"svg\\" width=\\"32px\\" height=\\"32px\\" viewBox=\\"0 0 32 32\\" role=\\"img\\" fill=\\"#0c193a\\" xmlns=\\"http://www.w3.org/2000/svg\\"><path fill=\\"#FFDA44\\" d=\\"M21.6 1C19.8.4 18 0 16 0s-3.8.4-5.6 1L9 16l1.4 15c1.7.6 3.6 1 5.6 1s3.8-.4 5.6-1L23 16 21.6 1z\\"></path><path fill=\\"#D80027\\" d=\\"M32 16c0-6.9-4.3-12.7-10.4-15v30C27.7 28.7 32 22.9 32 16z\\"></path><path d=\\"M0 16c0 6.9 4.3 12.7 10.4 15V1C4.3 3.3 0 9.1 0 16z\\"></path></svg></div>"`;

exports[`Flag template should render different svg with special name 1`] = `"<div class=\\"container\\" role=\\"img\\" data-qa=\\"data-qa\\"><svg class=\\"svg\\" width=\\"32px\\" height=\\"32px\\" viewBox=\\"0 0 32 32\\" role=\\"img\\" fill=\\"#0c193a\\" xmlns=\\"http://www.w3.org/2000/svg\\"><circle fill=\\"#F0F0F0\\" cx=\\"16\\" cy=\\"16\\" r=\\"16\\"></circle><path fill=\\"#D80027\\" d=\\"M32,16c0-6.9-4.3-12.7-10.4-15v30C27.7,28.7,32,22.9,32,16z\\"></path><path fill=\\"#0052B4\\" d=\\"M0,16c0,6.9,4.3,12.7,10.4,15V1C4.3,3.3,0,9.1,0,16z\\"></path></svg></div>"`;

exports[`Flag template should render without crash with layoutContainer 1`] = `"<div class=\\"container\\" role=\\"img\\" data-qa=\\"data-qa\\"><svg class=\\"svg\\" width=\\"32px\\" height=\\"32px\\" viewBox=\\"0 0 32 32\\" role=\\"img\\" fill=\\"#0c193a\\" xmlns=\\"http://www.w3.org/2000/svg\\"><path fill=\\"#FFDA44\\" d=\\"M21.6 1C19.8.4 18 0 16 0s-3.8.4-5.6 1L9 16l1.4 15c1.7.6 3.6 1 5.6 1s3.8-.4 5.6-1L23 16 21.6 1z\\"></path><path fill=\\"#D80027\\" d=\\"M32 16c0-6.9-4.3-12.7-10.4-15v30C27.7 28.7 32 22.9 32 16z\\"></path><path d=\\"M0 16c0 6.9 4.3 12.7 10.4 15V1C4.3 3.3 0 9.1 0 16z\\"></path></svg></div>"`;
