// Jest Snapshot v1, https://goo.gl/fbAQLP

exports[`Wrapper should match snapshot 1`] = `
<div
  className="toolkit wrapper column"
  data-qa=""
  direction="column"
  style={Object {}}
  type="div"
>
  <h1>
    children
  </h1>
</div>
`;
